PS C:\Users\k_hin\OneDrive\デスクトップ\Study\git_challenge>
PS C:\Users\k_hin\OneDrive\デスクトップ\Study\git_challenge> git commit -m "hello_world.txtを追加"
PS C:\Users\k_hin\OneDrive\デスクトップ\Study\git_challenge>
PS C:\Users\k_hin\OneDrive\デスクトップ\Study\git_challenge>
PS C:\Users\k_hin\OneDrive\デスクトップ\Study\git_challenge>
PS C:\Users\k_hin\OneDrive\デスクトップ\Study\git_challenge>
PS C:\Users\k_hin\OneDrive\デスクトップ\Study\git_challenge> echo "こんにちは、世界！" >> .\hello_world.txt
PS C:\Users\k_hin\OneDrive\デスクトップ\Study\git_challenge>
PS C:\Users\k_hin\OneDrive\デスクトップ\Study\git_challenge>
PS C:\Users\k_hin\OneDrive\デスクトップ\Study\git_challenge>
PS C:\Users\k_hin\OneDrive\デスクトップ\Study\git_challenge>
PS C:\Users\k_hin\OneDrive\デスクトップ\Study\git_challenge> git add .\hello_world.txt
PS C:\Users\k_hin\OneDrive\デスクトップ\Study\git_challenge>
 1 file changed, 0 insertions(+), 0 deletions(-)
PS C:\Users\k_hin\OneDrive\デスクトップ\Study\git_challenge>
PS C:\Users\k_hin\OneDrive\デスクトップ\Study\git_challenge>
Date:   Tue Dec 17 23:24:00 2024 +0900

    日本語訳を追記

commit f92258af96ff1d30a2b110192e7ca30c64f4b397
Author: GodEnel1111 <k.hino1230@gmail.com>
Date:   Tue Dec 17 23:20:06 2024 +0900

    hello_world.txtを追加
PS C:\Users\k_hin\OneDrive\デスクトップ\Study\git_challenge>
PS C:\Users\k_hin\OneDrive\デスクトップ\Study\git_challenge>
PS C:\Users\k_hin\OneDrive\デスクトップ\Study\git_challenge>
PS C:\Users\k_hin\OneDrive\デスクトップ\Study\git_challenge> git log --online
fatal: unrecognized argument: --online
PS C:\Users\k_hin\OneDrive\デスクトップ\Study\git_challenge>
PS C:\Users\k_hin\OneDrive\デスクトップ\Study\git_challenge>
PS C:\Users\k_hin\OneDrive\デスクトップ\Study\git_challenge> git log --oneline
4ff3ada (HEAD -> main) 日本語訳を追記
f92258a hello_world.txtを追加